Microchip MPLAB XC8 Compiler V2.36

Linker command line:

-W-3 --edf=C:\Program Files\Microchip\xc8\v2.36\pic\dat\en_msgs.txt -cn \
  -h+dist/default/production\hsgdhf.X.production.sym \
  --cmf=dist/default/production\hsgdhf.X.production.cmf -z -Q18F4585 \
  -oC:\Users\sh70244\AppData\Local\Temp\xcAs9gc.4 --defsym=__MPLAB_BUILD=1 \
  -Mdist/default/production/hsgdhf.X.production.map \
  --md=C:\Users\sh70244\AppData\Local\Temp\xcAs9gc.dat -E1 \
  -ver=XC8 Compiler --acfsm=1493 -ACODE=00h-0BFFFh -ACONST=00h-0BFFFh \
  -ASMALLCONST=0D00h-0DFFhx179 -AMEDIUMCONST=0D00h-0BFFFh -ACOMRAM=01h-05Fh \
  -AABS1=00h-0CFFh -ABIGRAM=01h-0CFFh -ARAM=060h-0FFh,0100h-01FFhx12 \
  -ABANK0=060h-0FFh -ABANK1=0100h-01FFh -ABANK2=0200h-02FFh \
  -ABANK3=0300h-03FFh -ABANK4=0400h-04FFh -ABANK5=0500h-05FFh \
  -ABANK6=0600h-06FFh -ABANK7=0700h-07FFh -ABANK8=0800h-08FFh \
  -ABANK9=0900h-09FFh -ABANK10=0A00h-0AFFh -ABANK11=0B00h-0BFFh \
  -ABANK12=0C00h-0CFFh -ASFR=0D00h-0DFFhx2,0F00h-0F5Fh,0F60h-0FFFh \
  -ABIGSFR=0D00h-0FFFh -ACONFIG=0300000h-030000Dh -AIDLOC=0200000h-0200007h \
  -AEEDATA=0F00000h-0F003FFh -peeprom_data=EEDATA \
  -preset_vec=00h,intcode=08h,intcodelo,powerup,init -pramtop=0D00h \
  -psmallconst=SMALLCONST -pmediumconst=MEDIUMCONST -pconst=CONST \
  -AFARRAM=00h-00h \
  -prdata=COMRAM,nvrram=COMRAM,nvbit=COMRAM,rbss=COMRAM,rbit=COMRAM \
  -pfarbss=FARRAM,fardata=FARRAM,nvFARRAM=FARRAM \
  -pintsave_regs=BIGRAM,bigbss=BIGRAM,bigdata=BIGRAM -pbss=RAM \
  -pidata=CODE,irdata=CODE,ibigdata=CODE,ifardata=CODE -prparam=COMRAM \
  C:\Users\sh70244\AppData\Local\Temp\xcAs9gc.o \
  dist/default/production\hsgdhf.X.production.o 

Object code version is 3.11

Machine type is 18F4585



                Name                               Link     Load   Length Selector   Space Scale
C:\Users\sh70244\AppData\Local\Temp\xcAs9gc.o
                idloc                            200000   200000        8        0       5
                config                           300000   300000        E        0       4
                init                                  E        E        4        4       0
                reset_vec                             0        0        4        0       0
dist/default/production\hsgdhf.X.production.o
                intcode                               8        8        6        4       0
                idloc                            200000   200000        8        0       5
                config                           300000   300000        E        0       4
                temp                                 28       28        1        1       1
                intcode_body                        226      226       20        4       0
                text7                               15A      15A       54        4       0
                text6                               200      200       26        4       0
                text5                               27A      27A        A        4       0
                text4                               25C      25C       14        4       0
                text3                               1AE      1AE       52        4       0
                text2                               270      270        A        4       0
                text1                                DE       DE       7C        4       0
                text0                                12       12       CC        4       0
                cstackCOMRAM                         19       19        F        1       1
                bssCOMRAM                             1        1       18        1       1
                cinit                               246      246       16        4       0

TOTAL           Name                               Link     Load   Length     Space
        CLASS   CODE           
                intcode                               8        8        6         0
                init                                  E        E        4         0
                reset_vec                             0        0        4         0
                intcode_body                        226      226       20         0
                text7                               15A      15A       54         0
                text6                               200      200       26         0
                text5                               27A      27A        A         0
                text4                               25C      25C       14         0
                text3                               1AE      1AE       52         0
                text2                               270      270        A         0
                text1                                DE       DE       7C         0
                text0                                12       12       CC         0
                cinit                               246      246       16         0

        CLASS   CONST          

        CLASS   SMALLCONST     

        CLASS   MEDIUMCONST    

        CLASS   COMRAM         
                temp                                 28       28        1         1
                cstackCOMRAM                         19       19        F         1
                bssCOMRAM                             1        1       18         1

        CLASS   ABS1           

        CLASS   BIGRAM         

        CLASS   RAM            

        CLASS   BANK0          

        CLASS   BANK1          

        CLASS   BANK2          

        CLASS   BANK3          

        CLASS   BANK4          

        CLASS   BANK5          

        CLASS   BANK6          

        CLASS   BANK7          

        CLASS   BANK8          

        CLASS   BANK9          

        CLASS   BANK10         

        CLASS   BANK11         

        CLASS   BANK12         

        CLASS   SFR            

        CLASS   BIGSFR         

        CLASS   CONFIG         
                config                           300000   300000        E         4

        CLASS   IDLOC          
                idloc                            200000   200000        8         5

        CLASS   EEDATA         

        CLASS   FARRAM         

        CLASS   HEAP           

        CLASS   STACK          



SEGMENTS        Name                           Load    Length   Top    Selector   Space  Class

                reset_vec                      000000  000004  000004         0       0  CODE    
                bssCOMRAM                      000001  000028  000029         1       1  COMRAM  
                intcode                        000008  00027C  000284         4       0  CODE    


UNUSED ADDRESS RANGES

        Name                Unused          Largest block    Delta
        BANK0            000060-0000FF               A0
        BANK1            000100-0001FF              100
        BANK10           000A00-000AFF              100
        BANK11           000B00-000BFF              100
        BANK12           000C00-000CFF              100
        BANK2            000200-0002FF              100
        BANK3            000300-0003FF              100
        BANK4            000400-0004FF              100
        BANK5            000500-0005FF              100
        BANK6            000600-0006FF              100
        BANK7            000700-0007FF              100
        BANK8            000800-0008FF              100
        BANK9            000900-0009FF              100
        BIGRAM           000029-000CFF              CD7
        BIGSFR           000D00-000FFF              300
        CODE             000004-000007                4
                         000284-00BFFF             BD7C
        COMRAM           000029-00005F               37
        CONST            000004-000007                4
                         000284-00BFFF             BD7C
        EEDATA           F00000-F003FF              400
        MEDIUMCONST      000D00-00BFFF             B300
        RAM              000060-000CFF              100
        SFR              000D00-000FFF              100
        SMALLCONST       000D00-00BFFF              100

                                  Symbol Table

_BRGCON1                 (abs)        000F70
_BRGCON2                 (abs)        000F71
_BRGCON3                 (abs)        000F72
_CANCON                  (abs)        000F6F
_DHR                     bssCOMRAM    000017
_DLCR                    bssCOMRAM    000013
_DLR                     bssCOMRAM    000015
_GIE                     (abs)        007F97
_ISR1                    intcode      000008
_PEIE                    (abs)        007F96
_PORTBbits               (abs)        000F81
_RXB0CONbits             (abs)        000F60
_RXB0D0                  (abs)        000F66
_RXB0D1                  (abs)        000F67
_RXB0D2                  (abs)        000F68
_RXB0D3                  (abs)        000F69
_RXB0D4                  (abs)        000F6A
_RXB0D5                  (abs)        000F6B
_RXB0D6                  (abs)        000F6C
_RXB0D7                  (abs)        000F6D
_RXB0DLC                 (abs)        000F65
_RXB0IE                  (abs)        007D18
_RXB0IF                  (abs)        007D20
_RXB0IP                  (abs)        007D28
_RXB0SIDH                (abs)        000F61
_RXB0SIDL                (abs)        000F62
_RXF0SIDH                (abs)        000F00
_RXF0SIDL                (abs)        000F01
_RXM0SIDH                (abs)        000F18
_RXM0SIDL                (abs)        000F19
_RX_data                 bssCOMRAM    000001
_TRISBbits               (abs)        000F93
_TRISCbits               (abs)        000F94
_TXB0CON                 (abs)        000F40
_TXB0D0                  (abs)        000F46
_TXB0D1                  (abs)        000F47
_TXB0D2                  (abs)        000F48
_TXB0D3                  (abs)        000F49
_TXB0D4                  (abs)        000F4A
_TXB0D5                  (abs)        000F4B
_TXB0D6                  (abs)        000F4C
_TXB0D7                  (abs)        000F4D
_TXB0DLC                 (abs)        000F45
_TXB0SIDH                (abs)        000F41
_TXB0SIDL                (abs)        000F42
__HRAM                   (abs)        000000
__Habs1                  abs1         000000
__Hbank0                 bank0        000000
__Hbank1                 bank1        000000
__Hbank10                bank10       000000
__Hbank11                bank11       000000
__Hbank12                bank12       000000
__Hbank2                 bank2        000000
__Hbank3                 bank3        000000
__Hbank4                 bank4        000000
__Hbank5                 bank5        000000
__Hbank6                 bank6        000000
__Hbank7                 bank7        000000
__Hbank8                 bank8        000000
__Hbank9                 bank9        000000
__Hbigbss                bigbss       000000
__Hbigdata               bigdata      000000
__Hbigram                bigram       000000
__Hbigsfr                bigsfr       000000
__Hbss                   bss          000000
__HbssCOMRAM             bssCOMRAM    000000
__Hcinit                 cinit        000000
__Hclrtext               clrtext      000000
__Hcomram                comram       000000
__Hconfig                config       30000E
__Hconst                 const        000000
__HcstackCOMRAM          cstackCOMRAM 000000
__Hdata                  data         000000
__Heeprom_data           eeprom_data  000000
__Hfarbss                farbss       000000
__Hfardata               fardata      000000
__Hheap                  heap         000000
__Hibigdata              ibigdata     000000
__Hidata                 idata        000000
__Hidloc                 idloc        200008
__Hifardata              ifardata     000000
__Hinit                  init         000012
__Hintcode               intcode      00000E
__Hintcode_body          intcode_body 000000
__Hintcodelo             intcodelo    00000E
__Hintentry              intentry     000000
__Hintret                intret       000000
__Hintsave_regs          intsave_regs 000000
__Hirdata                irdata       000000
__Hmediumconst           mediumconst  000000
__HnvFARRAM              nvFARRAM     000000
__Hnvbit                 nvbit        000000
__Hnvrram                nvrram       000000
__Hparam                 rparam       000000
__Hpowerup               powerup      00000E
__Hram                   ram          000000
__Hramtop                ramtop       000D00
__Hrbit                  rbit         000000
__Hrbss                  rbss         000000
__Hrdata                 rdata        000000
__Hreset_vec             reset_vec    000004
__Hrparam                rparam       000000
__Hsfr                   sfr          000000
__Hsmallconst            smallconst   000000
__Hspace_0               (abs)        000D00
__Hspace_1               (abs)        000029
__Hspace_2               (abs)        000000
__Hspace_4               (abs)        60000E
__Hstack                 stack        000000
__Hstruct                struct       000000
__Htemp                  temp         000029
__Htext                  text         000000
__Htext0                 text0        000000
__Htext1                 text1        000000
__Htext2                 text2        000000
__Htext3                 text3        000000
__Htext4                 text4        000000
__Htext5                 text5        000000
__Htext6                 text6        000000
__Htext7                 text7        000000
__LRAM                   (abs)        000001
__Labs1                  abs1         000000
__Lbank0                 bank0        000000
__Lbank1                 bank1        000000
__Lbank10                bank10       000000
__Lbank11                bank11       000000
__Lbank12                bank12       000000
__Lbank2                 bank2        000000
__Lbank3                 bank3        000000
__Lbank4                 bank4        000000
__Lbank5                 bank5        000000
__Lbank6                 bank6        000000
__Lbank7                 bank7        000000
__Lbank8                 bank8        000000
__Lbank9                 bank9        000000
__Lbigbss                bigbss       000000
__Lbigdata               bigdata      000000
__Lbigram                bigram       000000
__Lbigsfr                bigsfr       000000
__Lbss                   bss          000000
__LbssCOMRAM             bssCOMRAM    000000
__Lcinit                 cinit        000000
__Lclrtext               clrtext      000000
__Lcomram                comram       000000
__Lconfig                config       000000
__Lconst                 const        000000
__LcstackCOMRAM          cstackCOMRAM 000000
__Ldata                  data         000000
__Leeprom_data           eeprom_data  000000
__Lfarbss                farbss       000000
__Lfardata               fardata      000000
__Lheap                  heap         000000
__Libigdata              ibigdata     000000
__Lidata                 idata        000000
__Lidloc                 idloc        000000
__Lifardata              ifardata     000000
__Linit                  init         00000E
__Lintcode               intcode      000008
__Lintcode_body          intcode_body 000000
__Lintcodelo             intcodelo    00000E
__Lintentry              intentry     000000
__Lintret                intret       000000
__Lintsave_regs          intsave_regs 000000
__Lirdata                irdata       000000
__Lmediumconst           mediumconst  000000
__LnvFARRAM              nvFARRAM     000000
__Lnvbit                 nvbit        000000
__Lnvrram                nvrram       000000
__Lparam                 rparam       000000
__Lpowerup               powerup      00000E
__Lram                   ram          000000
__Lramtop                ramtop       000D00
__Lrbit                  rbit         000000
__Lrbss                  rbss         000000
__Lrdata                 rdata        000000
__Lreset_vec             reset_vec    000000
__Lrparam                rparam       000000
__Lsfr                   sfr          000000
__Lsmallconst            smallconst   000000
__Lspace_0               (abs)        000000
__Lspace_1               (abs)        000000
__Lspace_2               (abs)        000000
__Lspace_4               (abs)        000000
__Lstack                 stack        000000
__Lstruct                struct       000000
__Ltemp                  temp         000028
__Ltext                  text         000000
__Ltext0                 text0        000000
__Ltext1                 text1        000000
__Ltext2                 text2        000000
__Ltext3                 text3        000000
__Ltext4                 text4        000000
__Ltext5                 text5        000000
__Ltext6                 text6        000000
__Ltext7                 text7        000000
__S0                     (abs)        000284
__S1                     (abs)        000029
__S4                     (abs)        000000
__S5                     (abs)        000000
___heap_hi               (abs)        000000
___heap_lo               (abs)        000000
___inthi_sp              stack        000000
___intlo_sp              stack        000000
___param_bank            (abs)        000000
___rparam_used           (abs)        000001
___sp                    stack        000000
__accesstop              (abs)        000060
__activetblptr           (abs)        000000
__end_of_ISR1            intcode_body 000246
__end_of__initialization cinit        000252
__end_of_can_config_baud text6        000226
__end_of_can_init        text5        000284
__end_of_main            text0        0000DE
__end_of_mask_filter     text4        000270
__end_of_rx_receive      text3        000200
__end_of_set_mode        text7        0001AE
__end_of_sys_init        text2        00027A
__end_of_tx_write        text1        00015A
__initialization         cinit        000246
__mediumconst            mediumconst  000000
__pbssCOMRAM             bssCOMRAM    000001
__pcinit                 cinit        000246
__pcstackCOMRAM          cstackCOMRAM 000019
__pintcode               intcode      000008
__pintcode_body          intcode_body 000226
__ptext0                 text0        000012
__ptext1                 text1        0000DE
__ptext2                 text2        000270
__ptext3                 text3        0001AE
__ptext4                 text4        00025C
__ptext5                 text5        00027A
__ptext6                 text6        000200
__ptext7                 text7        00015A
__ramtop                 ramtop       000D00
__smallconst             smallconst   000000
_can_config_baud         text6        000200
_can_init                text5        00027A
_flag                    bssCOMRAM    000011
_main                    text0        000012
_mask_filter             text4        00025C
_rx_receive              text3        0001AE
_set_mode                text7        00015A
_sys_init                text2        000270
_tx_write                text1        0000DE
btemp                    temp         000028
end_of_initialization    cinit        000252
int$flags                temp         000028
int_func                 intcode_body 000226
intlevel0                text         000000
intlevel1                text         000000
intlevel2                text         000000
intlevel3                text         000000
isa$std                  (abs)        000001
isa$xinst                (abs)        000000
set_mode@X               cstackCOMRAM 000019
stackhi                  (abs)        000000
stacklo                  (abs)        000000
start                    init         00000E
start_initialization     cinit        000246
ttemp5                   temp         000029
ttemp6                   temp         00002C
ttemp7                   temp         000030
tx_write@DH              cstackCOMRAM 000021
tx_write@DL              cstackCOMRAM 00001F
tx_write@ID              cstackCOMRAM 00001B
wtemp8                   temp         000029


MODULE INFORMATION

Module		Function		Class		Link	Load	Size
./can_config.h
		_can_config_baud		CODE           	0200	0000	38

./can_config.h estimated size: 38

./mask_filter.h
		_mask_filter   		CODE           	025C	0000	20

./mask_filter.h estimated size: 20

./set_mode.h
		_set_mode      		CODE           	015A	0000	84

./set_mode.h estimated size: 84

shared
		__initialization		CODE           	0246	0000	12

shared estimated size: 12

./sys_init.h
		_sys_init      		CODE           	0270	0000	10

./sys_init.h estimated size: 10

mainappln.c
		_main          		CODE           	0012	0000	204
		_ISR1          		CODE           	0008	0000	38

mainappln.c estimated size: 242

./TX_WRITE.h
		_tx_write      		CODE           	00DE	0000	124

./TX_WRITE.h estimated size: 124

./RX_receive.h
		_rx_receive    		CODE           	01AE	0000	82

./RX_receive.h estimated size: 82

./can_init.h
		_can_init      		CODE           	027A	0000	10

./can_init.h estimated size: 10

